// Jest Snapshot v1, https://goo.gl/fbAQLP

exports[`should render LoginPage 1`] = `
<div
  className="box-layout"
>
  <div
    className="box-layout__box"
  >
    <h1
      className="box-layout__title"
    >
      LOGIN
    </h1>
    <form
      onSubmit={[Function]}
    >
      <label
        htmlFor="email"
      >
        Email: 
      </label>
      <input
        id="email"
        name="email"
        type="email"
      />
      <label
        htmlFor="password"
      >
        Password:
      </label>
      <input
        id="password"
        name="password"
        type="password"
      />
      <br />
      <input
        className="button"
        id="submit"
        name="submit"
        type="submit"
      />
    </form>
    <p>
      New user? 
      <Link
        replace={false}
        to="/signup"
      >
        Sign Up
      </Link>
      !
    </p>
  </div>
</div>
`;
